10 
11 
22 
23 
34 
35 
46 
47 
58 
59 
70 
71 
82 
83 
94 
95 
106 
